// Jest Snapshot v1, https://goo.gl/fbAQLP

exports[`BaseFormAuth.vue render 1`] = `
<div
  class="auth"
>
  <div
    class="auth-container"
  >
    <h5>
      $t('auth')
    </h5>
     
    <input
      class="form-control"
      placeholder="$t('valuePlaceholder')"
      type="tel"
    />
     
    <input
      autocomplete="current-password"
      class="form-control"
      placeholder="$t('passwordPlaceholder')"
      type="password"
    />
     
    <div
      class="custom-control custom-checkbox"
    >
      <input
        autocomplete="off"
        class="custom-control-input"
        type="checkbox"
        value="1"
      />
      <label
        class="custom-control-label"
      >
        
        $t('persistentAuth')
        
        <a
          href="#"
          style="float: right;"
        >
          $t('forgotPassword')
        </a>
      </label>
    </div>
     
    <button
      class="btn btn btn-primary w-100 btn-secondary disabled"
      disabled="disabled"
      type="button"
    >
      $t('buttonAuth')
    </button>
     
    <!---->
     
    <!---->
     
    <!---->
     
    <div
      class="footer"
    >
      
        $t('questionRegistration')
        
      <a
        href="#"
      >
        $t('registration')
      </a>
       
      <!---->
       
      <!---->
    </div>
  </div>
</div>
`;
